2026-10-04 09:37:05,944 | INFO     | molly | МОЛЛИ 1.0.0 запускается
2026-10-04 09:37:05,950 | INFO     | molly | Рабочая папка не выбрана
2026-10-04 09:38:11,241 | INFO     | molly.database | База проекта готова: D:\MOLLY\data\projects\4ae73397950109e40c63a24c.sqlite3
2026-10-04 09:38:11,243 | INFO     | molly.project | Выбран проект: D:\1. МДП Каркатеевы\1. МДП Каркатеевы
2026-10-04 09:38:14,139 | INFO     | molly.index_runner | Индексация (manual): D:\1. МДП Каркатеевы\1. МДП Каркатеевы
2026-10-04 09:38:14,149 | INFO     | molly.indexer | Индексация начата: D:\1. МДП Каркатеевы\1. МДП Каркатеевы
2026-10-04 09:40:02,446 | WARNING  | molly.mail | IMAP: сетевая ошибка: [Errno 11001] getaddrinfo failed
2026-10-04 09:40:41,068 | WARNING  | molly.indexer | Ошибка чтения файла D:\1. МДП Каркатеевы\1. МДП Каркатеевы\0. Проект\Г.3.0000.26067-ТСИБ_ТГТП-00.000-А\ИЗМ. 1\Г.3.0000.26067-ТСИБ_ТГТП-00.000-А.ОЛ.1.6.1.1.1 л. 001.pdf: Stream has ended unexpectedly
2026-10-04 09:40:41,240 | WARNING  | molly.indexer | Ошибка чтения файла D:\1. МДП Каркатеевы\1. МДП Каркатеевы\0. Проект\Г.3.0000.26067-ТСИБ_ТГТП-00.000-А\ИЗМ. 1\Г.3.0000.26067-ТСИБ_ТГТП-00.000-А.СО л. 001.pdf: Stream has ended unexpectedly
2026-10-04 09:40:41,349 | WARNING  | molly.indexer | Ошибка чтения файла D:\1. МДП Каркатеевы\1. МДП Каркатеевы\0. Проект\Г.3.0000.26067-ТСИБ_ТГТП-00.000-А\ИЗМ. 1\Обложка.pdf: Stream has ended unexpectedly
2026-10-04 09:43:35,472 | WARNING  | molly.indexer | Ошибка чтения файла D:\1. МДП Каркатеевы\1. МДП Каркатеевы\0. Проект\Г.3.0000.26067-ТСИБ_ТГТП-00.000-А\ИЗМ. 2\ФР\Г.3.0000.26067-ТСИБ_ТГТП-00.000-А.ВР л. 001.xls: 'utf-16-le' codec can't decode bytes in position 50-51: illegal encoding
2026-10-04 09:43:56,758 | WARNING  | molly.indexer | Ошибка чтения файла D:\1. МДП Каркатеевы\1. МДП Каркатеевы\0. Проект\Г.3.0000.26067-ТСИБ_ТГТП-00.000-А.ТЗ.1\ФР\Г.3.0000.26067-ТСИБ_ТГТП-00.000-А.ТЗ.1.СО л. 001.xls: 'utf-16-le' codec can't decode bytes in position 50-51: illegal encoding
2026-10-04 09:44:05,806 | WARNING  | molly.indexer | Ошибка чтения файла D:\1. МДП Каркатеевы\1. МДП Каркатеевы\0. Проект\Г.3.0000.26067-ТСИБ_ТГТП-00.000-А.ТЗ.4\ФР\Г.3.0000.26067-ТСИБ_ТГТП-00.000-А.ТЗ.4.СО л. 001.xls: 'utf-16-le' codec can't decode bytes in position 50-51: illegal encoding
2026-10-04 09:44:09,908 | WARNING  | molly.indexer | Ошибка чтения файла D:\1. МДП Каркатеевы\1. МДП Каркатеевы\0. Проект\Г.3.0000.26067-ТСИБ_ТГТП-00.000-АПТ.ТЗ.1\ФР\Г.3.0000.26067-ТСИБ_ТГТП-00.000-АПТ.ТЗ.1.СО л. 001.xls: 'utf-16-le' codec can't decode bytes in position 50-51: illegal encoding
2026-10-04 09:44:21,160 | WARNING  | molly.indexer | Ошибка чтения файла D:\1. МДП Каркатеевы\1. МДП Каркатеевы\0. Проект\Г.3.0000.26067-ТСИБ_ТГТП-00.000-АПТ.ТЗ.2\ФР\Г.3.0000.26067-ТСИБ_ТГТП-00.000-АПТ.ТЗ.2.СО л. 001.xls: 'utf-16-le' codec can't decode bytes in position 50-51: illegal encoding
2026-10-04 09:44:23,105 | WARNING  | molly.indexer | Ошибка чтения файла D:\1. МДП Каркатеевы\1. МДП Каркатеевы\0. Проект\Г.3.0000.26067-ТСИБ_ТГТП-00.000-АС\ФР\Г.3.0000.26067-ТСИБ_ТГТП-00.000-АС.ВР л. 001.xls: 'utf-16-le' codec can't decode bytes in position 50-51: illegal encoding
2026-10-04 09:44:28,653 | WARNING  | molly.indexer | Ошибка чтения файла D:\1. МДП Каркатеевы\1. МДП Каркатеевы\0. Проект\Г.3.0000.26067-ТСИБ_ТГТП-00.000-АС.1\ФР\Г.3.0000.26067-ТСИБ_ТГТП-00.000-АС.1.ВР л. 001.sync-conflict-20260825-140813-DNZ7DW4.xls: 'utf-16-le' codec can't decode bytes in position 50-51: illegal encoding
2026-10-04 09:44:28,693 | WARNING  | molly.indexer | Ошибка чтения файла D:\1. МДП Каркатеевы\1. МДП Каркатеевы\0. Проект\Г.3.0000.26067-ТСИБ_ТГТП-00.000-АС.1\ФР\Г.3.0000.26067-ТСИБ_ТГТП-00.000-АС.1.ВР л. 001.sync-conflict-20260825-141026-DNZ7DW4.xls: 'utf-16-le' codec can't decode bytes in position 50-51: illegal encoding
2026-10-04 09:44:28,733 | WARNING  | molly.indexer | Ошибка чтения файла D:\1. МДП Каркатеевы\1. МДП Каркатеевы\0. Проект\Г.3.0000.26067-ТСИБ_ТГТП-00.000-АС.1\ФР\Г.3.0000.26067-ТСИБ_ТГТП-00.000-АС.1.ВР л. 001.sync-conflict-20260825-141042-DNZ7DW4.xls: 'utf-16-le' codec can't decode bytes in position 50-51: illegal encoding
2026-10-04 09:44:28,776 | WARNING  | molly.indexer | Ошибка чтения файла D:\1. МДП Каркатеевы\1. МДП Каркатеевы\0. Проект\Г.3.0000.26067-ТСИБ_ТГТП-00.000-АС.1\ФР\Г.3.0000.26067-ТСИБ_ТГТП-00.000-АС.1.ВР л. 001.xls: 'utf-16-le' codec can't decode bytes in position 50-51: illegal encoding
2026-10-04 09:44:48,861 | INFO     | molly | МОЛЛИ останавливается
2026-10-04 09:44:48,912 | INFO     | molly.lan | LAN-сервер остановлен
2026-10-04 09:57:02,157 | INFO     | molly.project | Загружен сохранённый проект: D:\1. МДП Каркатеевы\1. МДП Каркатеевы
2026-10-04 09:57:02,193 | INFO     | molly | МОЛЛИ 1.0.0 запускается
2026-10-04 09:57:02,196 | INFO     | molly | Рабочая папка: D:\1. МДП Каркатеевы\1. МДП Каркатеевы
2026-10-04 09:57:02,200 | INFO     | molly.database | База проекта готова: D:\MOLLY\data\projects\4ae73397950109e40c63a24c.sqlite3
2026-10-04 09:57:02,205 | WARNING  | molly | Прошлая индексация была прервана — статус сброшен
2026-10-04 09:57:07,232 | INFO     | molly.index_runner | Индексация (auto): D:\1. МДП Каркатеевы\1. МДП Каркатеевы
2026-10-04 09:57:07,238 | INFO     | molly.indexer | Индексация начата: D:\1. МДП Каркатеевы\1. МДП Каркатеевы
2026-10-04 09:57:07,409 | WARNING  | molly.indexer | Ошибка чтения файла D:\1. МДП Каркатеевы\1. МДП Каркатеевы\0. Проект\Г.3.0000.26067-ТСИБ_ТГТП-00.000-А\ИЗМ. 1\Г.3.0000.26067-ТСИБ_ТГТП-00.000-А.ОЛ.1.6.1.1.1 л. 001.pdf: Stream has ended unexpectedly
2026-10-04 09:57:07,466 | WARNING  | molly.indexer | Ошибка чтения файла D:\1. МДП Каркатеевы\1. МДП Каркатеевы\0. Проект\Г.3.0000.26067-ТСИБ_ТГТП-00.000-А\ИЗМ. 1\Г.3.0000.26067-ТСИБ_ТГТП-00.000-А.СО л. 001.pdf: Stream has ended unexpectedly
2026-10-04 09:57:07,506 | WARNING  | molly.indexer | Ошибка чтения файла D:\1. МДП Каркатеевы\1. МДП Каркатеевы\0. Проект\Г.3.0000.26067-ТСИБ_ТГТП-00.000-А\ИЗМ. 1\Обложка.pdf: Stream has ended unexpectedly
2026-10-04 09:57:07,555 | WARNING  | molly.indexer | Ошибка чтения файла D:\1. МДП Каркатеевы\1. МДП Каркатеевы\0. Проект\Г.3.0000.26067-ТСИБ_ТГТП-00.000-А\ИЗМ. 2\ФР\Г.3.0000.26067-ТСИБ_ТГТП-00.000-А.ВР л. 001.xls: 'utf-16-le' codec can't decode bytes in position 50-51: illegal encoding
2026-10-04 09:57:07,590 | WARNING  | molly.indexer | Ошибка чтения файла D:\1. МДП Каркатеевы\1. МДП Каркатеевы\0. Проект\Г.3.0000.26067-ТСИБ_ТГТП-00.000-А.ТЗ.1\ФР\Г.3.0000.26067-ТСИБ_ТГТП-00.000-А.ТЗ.1.СО л. 001.xls: 'utf-16-le' codec can't decode bytes in position 50-51: illegal encoding
2026-10-04 09:57:07,623 | WARNING  | molly.indexer | Ошибка чтения файла D:\1. МДП Каркатеевы\1. МДП Каркатеевы\0. Проект\Г.3.0000.26067-ТСИБ_ТГТП-00.000-А.ТЗ.4\ФР\Г.3.0000.26067-ТСИБ_ТГТП-00.000-А.ТЗ.4.СО л. 001.xls: 'utf-16-le' codec can't decode bytes in position 50-51: illegal encoding
2026-10-04 09:57:07,650 | WARNING  | molly.indexer | Ошибка чтения файла D:\1. МДП Каркатеевы\1. МДП Каркатеевы\0. Проект\Г.3.0000.26067-ТСИБ_ТГТП-00.000-АПТ.ТЗ.1\ФР\Г.3.0000.26067-ТСИБ_ТГТП-00.000-АПТ.ТЗ.1.СО л. 001.xls: 'utf-16-le' codec can't decode bytes in position 50-51: illegal encoding
2026-10-04 09:57:07,675 | WARNING  | molly.indexer | Ошибка чтения файла D:\1. МДП Каркатеевы\1. МДП Каркатеевы\0. Проект\Г.3.0000.26067-ТСИБ_ТГТП-00.000-АПТ.ТЗ.2\ФР\Г.3.0000.26067-ТСИБ_ТГТП-00.000-АПТ.ТЗ.2.СО л. 001.xls: 'utf-16-le' codec can't decode bytes in position 50-51: illegal encoding
2026-10-04 09:57:07,706 | WARNING  | molly.indexer | Ошибка чтения файла D:\1. МДП Каркатеевы\1. МДП Каркатеевы\0. Проект\Г.3.0000.26067-ТСИБ_ТГТП-00.000-АС\ФР\Г.3.0000.26067-ТСИБ_ТГТП-00.000-АС.ВР л. 001.xls: 'utf-16-le' codec can't decode bytes in position 50-51: illegal encoding
2026-10-04 09:57:07,736 | WARNING  | molly.indexer | Ошибка чтения файла D:\1. МДП Каркатеевы\1. МДП Каркатеевы\0. Проект\Г.3.0000.26067-ТСИБ_ТГТП-00.000-АС.1\ФР\Г.3.0000.26067-ТСИБ_ТГТП-00.000-АС.1.ВР л. 001.sync-conflict-20260825-140813-DNZ7DW4.xls: 'utf-16-le' codec can't decode bytes in position 50-51: illegal encoding
2026-10-04 09:57:07,755 | WARNING  | molly.indexer | Ошибка чтения файла D:\1. МДП Каркатеевы\1. МДП Каркатеевы\0. Проект\Г.3.0000.26067-ТСИБ_ТГТП-00.000-АС.1\ФР\Г.3.0000.26067-ТСИБ_ТГТП-00.000-АС.1.ВР л. 001.sync-conflict-20260825-141026-DNZ7DW4.xls: 'utf-16-le' codec can't decode bytes in position 50-51: illegal encoding
2026-10-04 09:57:07,775 | WARNING  | molly.indexer | Ошибка чтения файла D:\1. МДП Каркатеевы\1. МДП Каркатеевы\0. Проект\Г.3.0000.26067-ТСИБ_ТГТП-00.000-АС.1\ФР\Г.3.0000.26067-ТСИБ_ТГТП-00.000-АС.1.ВР л. 001.sync-conflict-20260825-141042-DNZ7DW4.xls: 'utf-16-le' codec can't decode bytes in position 50-51: illegal encoding
2026-10-04 09:57:07,792 | WARNING  | molly.indexer | Ошибка чтения файла D:\1. МДП Каркатеевы\1. МДП Каркатеевы\0. Проект\Г.3.0000.26067-ТСИБ_ТГТП-00.000-АС.1\ФР\Г.3.0000.26067-ТСИБ_ТГТП-00.000-АС.1.ВР л. 001.xls: 'utf-16-le' codec can't decode bytes in position 50-51: illegal encoding
2026-10-04 09:58:20,351 | INFO     | molly.indexer | Индексация завершена (stopped) за 73.1 с: просмотрено=215, проиндексировано=4, пропущено=198, удалено=0, ошибок=13
2026-10-04 09:59:38,096 | INFO     | molly.database | База проекта готова: D:\MOLLY\data\projects\db351fb512ad6f37dada78dd.sqlite3
2026-10-04 09:59:38,098 | INFO     | molly.project | Выбран проект: D:\1. МДП Каркатеевы\1. МДП Каркатеевы\1. Разрешительная\1. ППР\0. ГОТОВО
2026-10-04 09:59:41,540 | INFO     | molly.index_runner | Индексация (manual): D:\1. МДП Каркатеевы\1. МДП Каркатеевы\1. Разрешительная\1. ППР\0. ГОТОВО
2026-10-04 09:59:41,550 | INFO     | molly.indexer | Индексация начата: D:\1. МДП Каркатеевы\1. МДП Каркатеевы\1. Разрешительная\1. ППР\0. ГОТОВО
2026-10-04 10:00:35,476 | INFO     | molly.indexer | Индексация завершена (idle) за 53.9 с: просмотрено=2, проиндексировано=2, пропущено=0, удалено=0, ошибок=0
2026-10-04 10:03:07,014 | INFO     | molly | МОЛЛИ останавливается
2026-10-04 10:03:07,015 | INFO     | molly.lan | LAN-сервер остановлен
2026-10-04 10:03:07,015 | INFO     | molly | МОЛЛИ остановлена
2026-10-04 17:42:26,206 | INFO     | molly.project | Загружен сохранённый проект: D:\1. МДП Каркатеевы\1. МДП Каркатеевы\1. Разрешительная\1. ППР\0. ГОТОВО
2026-10-04 17:42:26,242 | INFO     | molly | МОЛЛИ 1.0.0 запускается
2026-10-04 17:42:26,244 | INFO     | molly | Рабочая папка: D:\1. МДП Каркатеевы\1. МДП Каркатеевы\1. Разрешительная\1. ППР\0. ГОТОВО
2026-10-04 17:42:26,257 | INFO     | molly.database | База проекта готова: D:\MOLLY\data\projects\db351fb512ad6f37dada78dd.sqlite3
2026-10-04 17:42:31,273 | INFO     | molly.index_runner | Индексация (auto): D:\1. МДП Каркатеевы\1. МДП Каркатеевы\1. Разрешительная\1. ППР\0. ГОТОВО
2026-10-04 17:42:31,281 | INFO     | molly.indexer | Индексация начата: D:\1. МДП Каркатеевы\1. МДП Каркатеевы\1. Разрешительная\1. ППР\0. ГОТОВО
2026-10-04 17:42:31,286 | INFO     | molly.indexer | Индексация завершена (idle) за 0.0 с: просмотрено=2, проиндексировано=0, пропущено=2, удалено=0, ошибок=0
2026-10-04 13:13:20,873 | WARNING  | molly.project | Сохранённая папка проекта недоступна: /workspace/MOLLY/backend/D:\1. МДП Каркатеевы\1. МДП Каркатеевы\1. Разрешительная\1. ППР\0. ГОТОВО
2026-10-04 13:13:20,938 | INFO     | molly | МОЛЛИ 1.0.0 запускается
2026-10-04 13:13:20,939 | INFO     | molly | Рабочая папка не выбрана
